Total messages: 10 (Errors: 0, Warnings: 10)

[WARNING] Recoverable error has happened. Please check any custom code or code overrides to fix server/client mismatches:
 Error: Minified React error #425; visit https://reactjs.org/docs/error-decoder.html?invariant=425 for the full message or use the non-minified dev environment for full errors and additional helpful warnings.
    at $c (https://framerusercontent.com/sites/u9tp39AeGfRvWrjajQe3B/chunk-A2HEWL76.mjs:14:68)
    at EL (https://framerusercontent.com/sites/u9tp39AeGfRvWrjajQe3B/chunk-A2HEWL76.mjs:16:16138)
    at $S (https://framerusercontent.com/sites/u9tp39AeGfRvWrjajQe3B/chunk-A2HEWL76.mjs:16:40134)
    at NS (https://framerusercontent.com/sites/u9tp39AeGfRvWrjajQe3B/chunk-A2HEWL76.mjs:16:40023)
    at VL (https://framerusercontent.com/sites/u9tp39AeGfRvWrjajQe3B/chunk-A2HEWL76.mjs:16:39934)
    at DS (https://framerusercontent.com/sites/u9tp39AeGfRvWrjajQe3B/chunk-A2HEWL76.mjs:16:34897)
    at Nh (https://framerusercontent.com/sites/u9tp39AeGfRvWrjajQe3B/chunk-A2HEWL76.mjs:9:92428)
    at MessagePort.Vh (https://framerusercontent.com/sites/u9tp39AeGfRvWrjajQe3B/chunk-A2HEWL76.mjs:9:92822) 
    at style
    at div
    at Be (https://framerusercontent.com/sites/u9tp39AeGfRvWrjajQe3B/chunk-B4HCULIY.mjs:21:26031)
    at _z (https://framerusercontent.com/sites/u9tp39AeGfRvWrjajQe3B/chunk-A2HEWL76.mjs:944:1768)
    at Suspense
    at Mv (https://framerusercontent.com/sites/u9tp39AeGfRvWrjajQe3B/chunk-A2HEWL76.mjs:944:1068)
    at Mz (https://framerusercontent.com/sites/u9tp39AeGfRvWrjajQe3B/chunk-A2HEWL76.mjs:944:2065)
    at Iz (https://framerusercontent.com/sites/u9tp39AeGfRvWrjajQe3B/chunk-A2HEWL76.mjs:944:1614)
    at Vz (https://framerusercontent.com/sites/u9tp39AeGfRvWrjajQe3B/chunk-A2HEWL76.mjs:944:2761)
    at div
    at o (https://framerusercontent.com/sites/u9tp39AeGfRvWrjajQe3B/chunk-A2HEWL76.mjs:9:6770)
    at https://framerusercontent.com/sites/u9tp39AeGfRvWrjajQe3B/chunk-A2HEWL76.mjs:944:4105
    at https://framerusercontent.com/sites/u9tp39AeGfRvWrjajQe3B/chunk-A2HEWL76.mjs:937:16928
    at a
    at o (https://framerusercontent.com/sites/u9tp39AeGfRvWrjajQe3B/chunk-A2HEWL76.mjs:9:6770)
    at https://framerusercontent.com/sites/u9tp39AeGfRvWrjajQe3B/chunk-A2HEWL76.mjs:946:12564
    at Suspense
    at Mv (https://framerusercontent.com/sites/u9tp39AeGfRvWrjajQe3B/chunk-A2HEWL76.mjs:944:1068)
    at hN (https://framerusercontent.com/sites/u9tp39AeGfRvWrjajQe3B/chunk-A2HEWL76.mjs:946:1574)
    at ka (https://framerusercontent.com/sites/u9tp39AeGfRvWrjajQe3B/chunk-B4HCULIY.mjs:40:4503)
    at o (https://framerusercontent.com/sites/u9tp39AeGfRvWrjajQe3B/chunk-A2HEWL76.mjs:9:6770)
    at xb (https://framerusercontent.com/sites/u9tp39AeGfRvWrjajQe3B/chunk-A2HEWL76.mjs:9:2239)
    at https://framerusercontent.com/sites/u9tp39AeGfRvWrjajQe3B/chunk-B4HCULIY.mjs:40:5538
    at https://framerusercontent.com/sites/u9tp39AeGfRvWrjajQe3B/chunk-A2HEWL76.mjs:935:55236
    at div
    at o (https://framerusercontent.com/sites/u9tp39AeGfRvWrjajQe3B/chunk-A2HEWL76.mjs:9:6770)
    at https://framerusercontent.com/sites/u9tp39AeGfRvWrjajQe3B/chunk-A2HEWL76.mjs:944:4105
    at https://framerusercontent.com/sites/u9tp39AeGfRvWrjajQe3B/chunk-A2HEWL76.mjs:937:16928
    at div
    at o (https://framerusercontent.com/sites/u9tp39AeGfRvWrjajQe3B/chunk-A2HEWL76.mjs:9:6770)
    at nav
    at o (https://framerusercontent.com/sites/u9tp39AeGfRvWrjajQe3B/chunk-A2HEWL76.mjs:9:6770)
    at div
    at o (https://framerusercontent.com/sites/u9tp39AeGfRvWrjajQe3B/chunk-A2HEWL76.mjs:9:6770)
    at header
    at o (https://framerusercontent.com/sites/u9tp39AeGfRvWrjajQe3B/chunk-A2HEWL76.mjs:9:6770)
    at gi (https://framerusercontent.com/sites/u9tp39AeGfRvWrjajQe3B/chunk-B4HCULIY.mjs:78:66379)
    at o (https://framerusercontent.com/sites/u9tp39AeGfRvWrjajQe3B/chunk-A2HEWL76.mjs:9:6770)
    at xb (https://framerusercontent.com/sites/u9tp39AeGfRvWrjajQe3B/chunk-A2HEWL76.mjs:9:2239)
    at https://framerusercontent.com/sites/u9tp39AeGfRvWrjajQe3B/chunk-B4HCULIY.mjs:78:66954
    at https://framerusercontent.com/sites/u9tp39AeGfRvWrjajQe3B/chunk-A2HEWL76.mjs:935:55236
    at https://framerusercontent.com/sites/u9tp39AeGfRvWrjajQe3B/chunk-A2HEWL76.mjs:949:9832
    at div
    at https://framerusercontent.com/sites/u9tp39AeGfRvWrjajQe3B/chunk-A2HEWL76.mjs:937:1508
    at https://framerusercontent.com/sites/u9tp39AeGfRvWrjajQe3B/chunk-A2HEWL76.mjs:935:55236
    at xb (https://framerusercontent.com/sites/u9tp39AeGfRvWrjajQe3B/chunk-A2HEWL76.mjs:9:2239)
    at SD (https://framerusercontent.com/sites/u9tp39AeGfRvWrjajQe3B/chunk-A2HEWL76.mjs:79:27582)
    at div
    at o (https://framerusercontent.com/sites/u9tp39AeGfRvWrjajQe3B/chunk-A2HEWL76.mjs:9:6770)
    at https://framerusercontent.com/sites/u9tp39AeGfRvWrjajQe3B/chunk-A2HEWL76.mjs:944:3667
    at https://framerusercontent.com/sites/u9tp39AeGfRvWrjajQe3B/chunk-A2HEWL76.mjs:937:17108
    at https://framerusercontent.com/sites/u9tp39AeGfRvWrjajQe3B/chunk-A2HEWL76.mjs:937:16928
    at https://framerusercontent.com/sites/u9tp39AeGfRvWrjajQe3B/chunk-A2HEWL76.mjs:937:1508
    at https://framerusercontent.com/sites/u9tp39AeGfRvWrjajQe3B/chunk-A2HEWL76.mjs:935:55236
    at div
    at o (https://framerusercontent.com/sites/u9tp39AeGfRvWrjajQe3B/chunk-A2HEWL76.mjs:9:6770)
    at xb (https://framerusercontent.com/sites/u9tp39AeGfRvWrjajQe3B/chunk-A2HEWL76.mjs:9:2239)
    at https://framerusercontent.com/sites/u9tp39AeGfRvWrjajQe3B/KSIxofP3FDOETVgf8sArTPyNx_enqOOYIDHGWEMx_-w.OLRCKKXF.mjs:1:70248
    at https://framerusercontent.com/sites/u9tp39AeGfRvWrjajQe3B/chunk-A2HEWL76.mjs:935:55236
    at https://framerusercontent.com/sites/u9tp39AeGfRvWrjajQe3B/chunk-A2HEWL76.mjs:16:75561
    at p6 (https://framerusercontent.com/sites/u9tp39AeGfRvWrjajQe3B/chunk-A2HEWL76.mjs:946:25175)
    at TA (https://framerusercontent.com/sites/u9tp39AeGfRvWrjajQe3B/chunk-A2HEWL76.mjs:76:13274)
    at Suspense
    at Mv (https://framerusercontent.com/sites/u9tp39AeGfRvWrjajQe3B/chunk-A2HEWL76.mjs:944:1068)
    at kz (https://framerusercontent.com/sites/u9tp39AeGfRvWrjajQe3B/chunk-A2HEWL76.mjs:937:17233)
    at wV (https://framerusercontent.com/sites/u9tp39AeGfRvWrjajQe3B/chunk-A2HEWL76.mjs:16:77806)
    at h6 (https://framerusercontent.com/sites/u9tp39AeGfRvWrjajQe3B/chunk-A2HEWL76.mjs:946:21632)
    at https://framerusercontent.com/sites/u9tp39AeGfRvWrjajQe3B/chunk-A2HEWL76.mjs:944:4694
    at https://framerusercontent.com/sites/u9tp39AeGfRvWrjajQe3B/chunk-A2HEWL76.mjs:935:55236
    at R6 (https://framerusercontent.com/sites/u9tp39AeGfRvWrjajQe3B/chunk-A2HEWL76.mjs:946:29665)
    at Tb (https://framerusercontent.com/sites/u9tp39AeGfRvWrjajQe3B/chunk-A2HEWL76.mjs:9:3986)
    at nX (https://framerusercontent.com/sites/u9tp39AeGfRvWrjajQe3B/chunk-A2HEWL76.mjs:946:29992)
    at Aq (https://framerusercontent.com/sites/u9tp39AeGfRvWrjajQe3B/chunk-A2HEWL76.mjs:944:15929)
    at _9 (https://framerusercontent.com/sites/u9tp39AeGfRvWrjajQe3B/chunk-A2HEWL76.mjs:16:85989) @ https://framerusercontent.com/sites/u9tp39AeGfRvWrjajQe3B/script_main.OBWUYOX6.mjs:0
[WARNING] Recoverable error has happened. Please check any custom code or code overrides to fix server/client mismatches:
 Error: Minified React error #422; visit https://reactjs.org/docs/error-decoder.html?invariant=422 for the full message or use the non-minified dev environment for full errors and additional helpful warnings.
    at TL (https://framerusercontent.com/sites/u9tp39AeGfRvWrjajQe3B/chunk-A2HEWL76.mjs:16:8460)
    at RS (https://framerusercontent.com/sites/u9tp39AeGfRvWrjajQe3B/chunk-A2HEWL76.mjs:16:7395)
    at HS (https://framerusercontent.com/sites/u9tp39AeGfRvWrjajQe3B/chunk-A2HEWL76.mjs:16:46055)
    at NS (https://framerusercontent.com/sites/u9tp39AeGfRvWrjajQe3B/chunk-A2HEWL76.mjs:16:39962)
    at VL (https://framerusercontent.com/sites/u9tp39AeGfRvWrjajQe3B/chunk-A2HEWL76.mjs:16:39934)
    at DS (https://framerusercontent.com/sites/u9tp39AeGfRvWrjajQe3B/chunk-A2HEWL76.mjs:16:34897)
    at Nh (https://framerusercontent.com/sites/u9tp39AeGfRvWrjajQe3B/chunk-A2HEWL76.mjs:9:92428)
    at MessagePort.Vh (https://framerusercontent.com/sites/u9tp39AeGfRvWrjajQe3B/chunk-A2HEWL76.mjs:9:92822) null @ https://framerusercontent.com/sites/u9tp39AeGfRvWrjajQe3B/script_main.OBWUYOX6.mjs:0
[WARNING] Recoverable error has happened. Please check any custom code or code overrides to fix server/client mismatches:
 Error: Minified React error #425; visit https://reactjs.org/docs/error-decoder.html?invariant=425 for the full message or use the non-minified dev environment for full errors and additional helpful warnings.
    at $c (https://framerusercontent.com/sites/u9tp39AeGfRvWrjajQe3B/chunk-A2HEWL76.mjs:14:68)
    at EL (https://framerusercontent.com/sites/u9tp39AeGfRvWrjajQe3B/chunk-A2HEWL76.mjs:16:16138)
    at $S (https://framerusercontent.com/sites/u9tp39AeGfRvWrjajQe3B/chunk-A2HEWL76.mjs:16:40134)
    at NS (https://framerusercontent.com/sites/u9tp39AeGfRvWrjajQe3B/chunk-A2HEWL76.mjs:16:40023)
    at VL (https://framerusercontent.com/sites/u9tp39AeGfRvWrjajQe3B/chunk-A2HEWL76.mjs:16:39934)
    at DS (https://framerusercontent.com/sites/u9tp39AeGfRvWrjajQe3B/chunk-A2HEWL76.mjs:16:34897)
    at Nh (https://framerusercontent.com/sites/u9tp39AeGfRvWrjajQe3B/chunk-A2HEWL76.mjs:9:92428)
    at MessagePort.Vh (https://framerusercontent.com/sites/u9tp39AeGfRvWrjajQe3B/chunk-A2HEWL76.mjs:9:92822) 
    at style
    at div
    at Be (https://framerusercontent.com/sites/u9tp39AeGfRvWrjajQe3B/chunk-B4HCULIY.mjs:21:26031)
    at _z (https://framerusercontent.com/sites/u9tp39AeGfRvWrjajQe3B/chunk-A2HEWL76.mjs:944:1768)
    at Suspense
    at Mv (https://framerusercontent.com/sites/u9tp39AeGfRvWrjajQe3B/chunk-A2HEWL76.mjs:944:1068)
    at Mz (https://framerusercontent.com/sites/u9tp39AeGfRvWrjajQe3B/chunk-A2HEWL76.mjs:944:2065)
    at Iz (https://framerusercontent.com/sites/u9tp39AeGfRvWrjajQe3B/chunk-A2HEWL76.mjs:944:1614)
    at Vz (https://framerusercontent.com/sites/u9tp39AeGfRvWrjajQe3B/chunk-A2HEWL76.mjs:944:2761)
    at div
    at o (https://framerusercontent.com/sites/u9tp39AeGfRvWrjajQe3B/chunk-A2HEWL76.mjs:9:6770)
    at https://framerusercontent.com/sites/u9tp39AeGfRvWrjajQe3B/chunk-A2HEWL76.mjs:944:4105
    at https://framerusercontent.com/sites/u9tp39AeGfRvWrjajQe3B/chunk-A2HEWL76.mjs:937:16928
    at a
    at o (https://framerusercontent.com/sites/u9tp39AeGfRvWrjajQe3B/chunk-A2HEWL76.mjs:9:6770)
    at https://framerusercontent.com/sites/u9tp39AeGfRvWrjajQe3B/chunk-A2HEWL76.mjs:946:12564
    at Suspense
    at Mv (https://framerusercontent.com/sites/u9tp39AeGfRvWrjajQe3B/chunk-A2HEWL76.mjs:944:1068)
    at hN (https://framerusercontent.com/sites/u9tp39AeGfRvWrjajQe3B/chunk-A2HEWL76.mjs:946:1574)
    at ka (https://framerusercontent.com/sites/u9tp39AeGfRvWrjajQe3B/chunk-B4HCULIY.mjs:40:4503)
    at o (https://framerusercontent.com/sites/u9tp39AeGfRvWrjajQe3B/chunk-A2HEWL76.mjs:9:6770)
    at xb (https://framerusercontent.com/sites/u9tp39AeGfRvWrjajQe3B/chunk-A2HEWL76.mjs:9:2239)
    at https://framerusercontent.com/sites/u9tp39AeGfRvWrjajQe3B/chunk-B4HCULIY.mjs:40:5538
    at https://framerusercontent.com/sites/u9tp39AeGfRvWrjajQe3B/chunk-A2HEWL76.mjs:935:55236
    at xb (https://framerusercontent.com/sites/u9tp39AeGfRvWrjajQe3B/chunk-A2HEWL76.mjs:9:2239)
    at SD (https://framerusercontent.com/sites/u9tp39AeGfRvWrjajQe3B/chunk-A2HEWL76.mjs:79:27582)
    at div
    at o (https://framerusercontent.com/sites/u9tp39AeGfRvWrjajQe3B/chunk-A2HEWL76.mjs:9:6770)
    at https://framerusercontent.com/sites/u9tp39AeGfRvWrjajQe3B/chunk-A2HEWL76.mjs:944:3667
    at https://framerusercontent.com/sites/u9tp39AeGfRvWrjajQe3B/chunk-A2HEWL76.mjs:937:17108
    at https://framerusercontent.com/sites/u9tp39AeGfRvWrjajQe3B/chunk-A2HEWL76.mjs:937:3323
    at https://framerusercontent.com/sites/u9tp39AeGfRvWrjajQe3B/chunk-A2HEWL76.mjs:937:1508
    at https://framerusercontent.com/sites/u9tp39AeGfRvWrjajQe3B/chunk-A2HEWL76.mjs:935:55236
    at https://framerusercontent.com/sites/u9tp39AeGfRvWrjajQe3B/chunk-A2HEWL76.mjs:937:16928
    at https://framerusercontent.com/sites/u9tp39AeGfRvWrjajQe3B/chunk-A2HEWL76.mjs:937:1508
    at https://framerusercontent.com/sites/u9tp39AeGfRvWrjajQe3B/chunk-A2HEWL76.mjs:935:55236
    at div
    at div
    at div
    at o (https://framerusercontent.com/sites/u9tp39AeGfRvWrjajQe3B/chunk-A2HEWL76.mjs:9:6770)
    at https://framerusercontent.com/sites/u9tp39AeGfRvWrjajQe3B/chunk-A2HEWL76.mjs:937:3323
    at https://framerusercontent.com/sites/u9tp39AeGfRvWrjajQe3B/chunk-A2HEWL76.mjs:937:1508
    at https://framerusercontent.com/sites/u9tp39AeGfRvWrjajQe3B/chunk-A2HEWL76.mjs:935:55236
    at div
    at div
    at o (https://framerusercontent.com/sites/u9tp39AeGfRvWrjajQe3B/chunk-A2HEWL76.mjs:9:6770)
    at https://framerusercontent.com/sites/u9tp39AeGfRvWrjajQe3B/chunk-A2HEWL76.mjs:953:32106
    at div
    at https://framerusercontent.com/sites/u9tp39AeGfRvWrjajQe3B/chunk-A2HEWL76.mjs:937:1508
    at https://framerusercontent.com/sites/u9tp39AeGfRvWrjajQe3B/chunk-A2HEWL76.mjs:935:55236
    at div
    at div
    at o (https://framerusercontent.com/sites/u9tp39AeGfRvWrjajQe3B/chunk-A2HEWL76.mjs:9:6770)
    at xb (https://framerusercontent.com/sites/u9tp39AeGfRvWrjajQe3B/chunk-A2HEWL76.mjs:9:2239)
    at https://framerusercontent.com/sites/u9tp39AeGfRvWrjajQe3B/KSIxofP3FDOETVgf8sArTPyNx_enqOOYIDHGWEMx_-w.OLRCKKXF.mjs:1:70248
    at https://framerusercontent.com/sites/u9tp39AeGfRvWrjajQe3B/chunk-A2HEWL76.mjs:935:55236
    at https://framerusercontent.com/sites/u9tp39AeGfRvWrjajQe3B/chunk-A2HEWL76.mjs:16:75561
    at p6 (https://framerusercontent.com/sites/u9tp39AeGfRvWrjajQe3B/chunk-A2HEWL76.mjs:946:25175)
    at TA (https://framerusercontent.com/sites/u9tp39AeGfRvWrjajQe3B/chunk-A2HEWL76.mjs:76:13274)
    at Suspense
    at Mv (https://framerusercontent.com/sites/u9tp39AeGfRvWrjajQe3B/chunk-A2HEWL76.mjs:944:1068)
    at kz (https://framerusercontent.com/sites/u9tp39AeGfRvWrjajQe3B/chunk-A2HEWL76.mjs:937:17233)
    at wV (https://framerusercontent.com/sites/u9tp39AeGfRvWrjajQe3B/chunk-A2HEWL76.mjs:16:77806)
    at h6 (https://framerusercontent.com/sites/u9tp39AeGfRvWrjajQe3B/chunk-A2HEWL76.mjs:946:21632)
    at https://framerusercontent.com/sites/u9tp39AeGfRvWrjajQe3B/chunk-A2HEWL76.mjs:944:4694
    at https://framerusercontent.com/sites/u9tp39AeGfRvWrjajQe3B/chunk-A2HEWL76.mjs:935:55236
    at R6 (https://framerusercontent.com/sites/u9tp39AeGfRvWrjajQe3B/chunk-A2HEWL76.mjs:946:29665)
    at Tb (https://framerusercontent.com/sites/u9tp39AeGfRvWrjajQe3B/chunk-A2HEWL76.mjs:9:3986)
    at nX (https://framerusercontent.com/sites/u9tp39AeGfRvWrjajQe3B/chunk-A2HEWL76.mjs:946:29992)
    at Aq (https://framerusercontent.com/sites/u9tp39AeGfRvWrjajQe3B/chunk-A2HEWL76.mjs:944:15929)
    at _9 (https://framerusercontent.com/sites/u9tp39AeGfRvWrjajQe3B/chunk-A2HEWL76.mjs:16:85989) @ https://framerusercontent.com/sites/u9tp39AeGfRvWrjajQe3B/script_main.OBWUYOX6.mjs:0
[WARNING] Recoverable error has happened. Please check any custom code or code overrides to fix server/client mismatches:
 Error: Minified React error #422; visit https://reactjs.org/docs/error-decoder.html?invariant=422 for the full message or use the non-minified dev environment for full errors and additional helpful warnings.
    at TL (https://framerusercontent.com/sites/u9tp39AeGfRvWrjajQe3B/chunk-A2HEWL76.mjs:16:8460)
    at RS (https://framerusercontent.com/sites/u9tp39AeGfRvWrjajQe3B/chunk-A2HEWL76.mjs:16:7395)
    at HS (https://framerusercontent.com/sites/u9tp39AeGfRvWrjajQe3B/chunk-A2HEWL76.mjs:16:46055)
    at NS (https://framerusercontent.com/sites/u9tp39AeGfRvWrjajQe3B/chunk-A2HEWL76.mjs:16:39962)
    at VL (https://framerusercontent.com/sites/u9tp39AeGfRvWrjajQe3B/chunk-A2HEWL76.mjs:16:39934)
    at DS (https://framerusercontent.com/sites/u9tp39AeGfRvWrjajQe3B/chunk-A2HEWL76.mjs:16:34897)
    at Nh (https://framerusercontent.com/sites/u9tp39AeGfRvWrjajQe3B/chunk-A2HEWL76.mjs:9:92428)
    at MessagePort.Vh (https://framerusercontent.com/sites/u9tp39AeGfRvWrjajQe3B/chunk-A2HEWL76.mjs:9:92822) null @ https://framerusercontent.com/sites/u9tp39AeGfRvWrjajQe3B/script_main.OBWUYOX6.mjs:0
[WARNING] Recoverable error has happened. Please check any custom code or code overrides to fix server/client mismatches:
 Error: Minified React error #425; visit https://reactjs.org/docs/error-decoder.html?invariant=425 for the full message or use the non-minified dev environment for full errors and additional helpful warnings.
    at $c (https://framerusercontent.com/sites/u9tp39AeGfRvWrjajQe3B/chunk-A2HEWL76.mjs:14:68)
    at EL (https://framerusercontent.com/sites/u9tp39AeGfRvWrjajQe3B/chunk-A2HEWL76.mjs:16:16138)
    at $S (https://framerusercontent.com/sites/u9tp39AeGfRvWrjajQe3B/chunk-A2HEWL76.mjs:16:40134)
    at NS (https://framerusercontent.com/sites/u9tp39AeGfRvWrjajQe3B/chunk-A2HEWL76.mjs:16:40023)
    at VL (https://framerusercontent.com/sites/u9tp39AeGfRvWrjajQe3B/chunk-A2HEWL76.mjs:16:39934)
    at DS (https://framerusercontent.com/sites/u9tp39AeGfRvWrjajQe3B/chunk-A2HEWL76.mjs:16:34897)
    at Nh (https://framerusercontent.com/sites/u9tp39AeGfRvWrjajQe3B/chunk-A2HEWL76.mjs:9:92428)
    at MessagePort.Vh (https://framerusercontent.com/sites/u9tp39AeGfRvWrjajQe3B/chunk-A2HEWL76.mjs:9:92822) 
    at style
    at div
    at Be (https://framerusercontent.com/sites/u9tp39AeGfRvWrjajQe3B/chunk-B4HCULIY.mjs:21:26031)
    at _z (https://framerusercontent.com/sites/u9tp39AeGfRvWrjajQe3B/chunk-A2HEWL76.mjs:944:1768)
    at Suspense
    at Mv (https://framerusercontent.com/sites/u9tp39AeGfRvWrjajQe3B/chunk-A2HEWL76.mjs:944:1068)
    at Mz (https://framerusercontent.com/sites/u9tp39AeGfRvWrjajQe3B/chunk-A2HEWL76.mjs:944:2065)
    at Iz (https://framerusercontent.com/sites/u9tp39AeGfRvWrjajQe3B/chunk-A2HEWL76.mjs:944:1614)
    at Vz (https://framerusercontent.com/sites/u9tp39AeGfRvWrjajQe3B/chunk-A2HEWL76.mjs:944:2761)
    at div
    at o (https://framerusercontent.com/sites/u9tp39AeGfRvWrjajQe3B/chunk-A2HEWL76.mjs:9:6770)
    at https://framerusercontent.com/sites/u9tp39AeGfRvWrjajQe3B/chunk-A2HEWL76.mjs:944:4105
    at https://framerusercontent.com/sites/u9tp39AeGfRvWrjajQe3B/chunk-A2HEWL76.mjs:937:16928
    at a
    at o (https://framerusercontent.com/sites/u9tp39AeGfRvWrjajQe3B/chunk-A2HEWL76.mjs:9:6770)
    at https://framerusercontent.com/sites/u9tp39AeGfRvWrjajQe3B/chunk-A2HEWL76.mjs:946:12564
    at Suspense
    at Mv (https://framerusercontent.com/sites/u9tp39AeGfRvWrjajQe3B/chunk-A2HEWL76.mjs:944:1068)
    at hN (https://framerusercontent.com/sites/u9tp39AeGfRvWrjajQe3B/chunk-A2HEWL76.mjs:946:1574)
    at ka (https://framerusercontent.com/sites/u9tp39AeGfRvWrjajQe3B/chunk-B4HCULIY.mjs:40:4503)
    at o (https://framerusercontent.com/sites/u9tp39AeGfRvWrjajQe3B/chunk-A2HEWL76.mjs:9:6770)
    at xb (https://framerusercontent.com/sites/u9tp39AeGfRvWrjajQe3B/chunk-A2HEWL76.mjs:9:2239)
    at https://framerusercontent.com/sites/u9tp39AeGfRvWrjajQe3B/chunk-B4HCULIY.mjs:40:5538
    at https://framerusercontent.com/sites/u9tp39AeGfRvWrjajQe3B/chunk-A2HEWL76.mjs:935:55236
    at xb (https://framerusercontent.com/sites/u9tp39AeGfRvWrjajQe3B/chunk-A2HEWL76.mjs:9:2239)
    at SD (https://framerusercontent.com/sites/u9tp39AeGfRvWrjajQe3B/chunk-A2HEWL76.mjs:79:27582)
    at div
    at o (https://framerusercontent.com/sites/u9tp39AeGfRvWrjajQe3B/chunk-A2HEWL76.mjs:9:6770)
    at https://framerusercontent.com/sites/u9tp39AeGfRvWrjajQe3B/chunk-A2HEWL76.mjs:944:3667
    at https://framerusercontent.com/sites/u9tp39AeGfRvWrjajQe3B/chunk-A2HEWL76.mjs:937:17108
    at https://framerusercontent.com/sites/u9tp39AeGfRvWrjajQe3B/chunk-A2HEWL76.mjs:937:16928
    at div
    at div
    at div
    at div
    at div
    at o (https://framerusercontent.com/sites/u9tp39AeGfRvWrjajQe3B/chunk-A2HEWL76.mjs:9:6770)
    at xb (https://framerusercontent.com/sites/u9tp39AeGfRvWrjajQe3B/chunk-A2HEWL76.mjs:9:2239)
    at https://framerusercontent.com/sites/u9tp39AeGfRvWrjajQe3B/KSIxofP3FDOETVgf8sArTPyNx_enqOOYIDHGWEMx_-w.OLRCKKXF.mjs:1:70248
    at https://framerusercontent.com/sites/u9tp39AeGfRvWrjajQe3B/chunk-A2HEWL76.mjs:935:55236
    at https://framerusercontent.com/sites/u9tp39AeGfRvWrjajQe3B/chunk-A2HEWL76.mjs:16:75561
    at p6 (https://framerusercontent.com/sites/u9tp39AeGfRvWrjajQe3B/chunk-A2HEWL76.mjs:946:25175)
    at TA (https://framerusercontent.com/sites/u9tp39AeGfRvWrjajQe3B/chunk-A2HEWL76.mjs:76:13274)
    at Suspense
    at Mv (https://framerusercontent.com/sites/u9tp39AeGfRvWrjajQe3B/chunk-A2HEWL76.mjs:944:1068)
    at kz (https://framerusercontent.com/sites/u9tp39AeGfRvWrjajQe3B/chunk-A2HEWL76.mjs:937:17233)
    at wV (https://framerusercontent.com/sites/u9tp39AeGfRvWrjajQe3B/chunk-A2HEWL76.mjs:16:77806)
    at h6 (https://framerusercontent.com/sites/u9tp39AeGfRvWrjajQe3B/chunk-A2HEWL76.mjs:946:21632)
    at https://framerusercontent.com/sites/u9tp39AeGfRvWrjajQe3B/chunk-A2HEWL76.mjs:944:4694
    at https://framerusercontent.com/sites/u9tp39AeGfRvWrjajQe3B/chunk-A2HEWL76.mjs:935:55236
    at R6 (https://framerusercontent.com/sites/u9tp39AeGfRvWrjajQe3B/chunk-A2HEWL76.mjs:946:29665)
    at Tb (https://framerusercontent.com/sites/u9tp39AeGfRvWrjajQe3B/chunk-A2HEWL76.mjs:9:3986)
    at nX (https://framerusercontent.com/sites/u9tp39AeGfRvWrjajQe3B/chunk-A2HEWL76.mjs:946:29992)
    at Aq (https://framerusercontent.com/sites/u9tp39AeGfRvWrjajQe3B/chunk-A2HEWL76.mjs:944:15929)
    at _9 (https://framerusercontent.com/sites/u9tp39AeGfRvWrjajQe3B/chunk-A2HEWL76.mjs:16:85989) @ https://framerusercontent.com/sites/u9tp39AeGfRvWrjajQe3B/script_main.OBWUYOX6.mjs:0
[WARNING] Recoverable error has happened. Please check any custom code or code overrides to fix server/client mismatches:
 Error: Minified React error #422; visit https://reactjs.org/docs/error-decoder.html?invariant=422 for the full message or use the non-minified dev environment for full errors and additional helpful warnings.
    at TL (https://framerusercontent.com/sites/u9tp39AeGfRvWrjajQe3B/chunk-A2HEWL76.mjs:16:8460)
    at RS (https://framerusercontent.com/sites/u9tp39AeGfRvWrjajQe3B/chunk-A2HEWL76.mjs:16:7395)
    at HS (https://framerusercontent.com/sites/u9tp39AeGfRvWrjajQe3B/chunk-A2HEWL76.mjs:16:46055)
    at NS (https://framerusercontent.com/sites/u9tp39AeGfRvWrjajQe3B/chunk-A2HEWL76.mjs:16:39962)
    at VL (https://framerusercontent.com/sites/u9tp39AeGfRvWrjajQe3B/chunk-A2HEWL76.mjs:16:39934)
    at DS (https://framerusercontent.com/sites/u9tp39AeGfRvWrjajQe3B/chunk-A2HEWL76.mjs:16:34897)
    at Nh (https://framerusercontent.com/sites/u9tp39AeGfRvWrjajQe3B/chunk-A2HEWL76.mjs:9:92428)
    at MessagePort.Vh (https://framerusercontent.com/sites/u9tp39AeGfRvWrjajQe3B/chunk-A2HEWL76.mjs:9:92822) null @ https://framerusercontent.com/sites/u9tp39AeGfRvWrjajQe3B/script_main.OBWUYOX6.mjs:0
[WARNING] Recoverable error has happened. Please check any custom code or code overrides to fix server/client mismatches:
 Error: Minified React error #425; visit https://reactjs.org/docs/error-decoder.html?invariant=425 for the full message or use the non-minified dev environment for full errors and additional helpful warnings.
    at $c (https://framerusercontent.com/sites/u9tp39AeGfRvWrjajQe3B/chunk-A2HEWL76.mjs:14:68)
    at EL (https://framerusercontent.com/sites/u9tp39AeGfRvWrjajQe3B/chunk-A2HEWL76.mjs:16:16138)
    at $S (https://framerusercontent.com/sites/u9tp39AeGfRvWrjajQe3B/chunk-A2HEWL76.mjs:16:40134)
    at NS (https://framerusercontent.com/sites/u9tp39AeGfRvWrjajQe3B/chunk-A2HEWL76.mjs:16:40023)
    at VL (https://framerusercontent.com/sites/u9tp39AeGfRvWrjajQe3B/chunk-A2HEWL76.mjs:16:39934)
    at DS (https://framerusercontent.com/sites/u9tp39AeGfRvWrjajQe3B/chunk-A2HEWL76.mjs:16:34897)
    at Nh (https://framerusercontent.com/sites/u9tp39AeGfRvWrjajQe3B/chunk-A2HEWL76.mjs:9:92428)
    at MessagePort.Vh (https://framerusercontent.com/sites/u9tp39AeGfRvWrjajQe3B/chunk-A2HEWL76.mjs:9:92822) 
    at style
    at div
    at Be (https://framerusercontent.com/sites/u9tp39AeGfRvWrjajQe3B/chunk-B4HCULIY.mjs:21:26031)
    at _z (https://framerusercontent.com/sites/u9tp39AeGfRvWrjajQe3B/chunk-A2HEWL76.mjs:944:1768)
    at Suspense
    at Mv (https://framerusercontent.com/sites/u9tp39AeGfRvWrjajQe3B/chunk-A2HEWL76.mjs:944:1068)
    at Mz (https://framerusercontent.com/sites/u9tp39AeGfRvWrjajQe3B/chunk-A2HEWL76.mjs:944:2065)
    at Iz (https://framerusercontent.com/sites/u9tp39AeGfRvWrjajQe3B/chunk-A2HEWL76.mjs:944:1614)
    at Vz (https://framerusercontent.com/sites/u9tp39AeGfRvWrjajQe3B/chunk-A2HEWL76.mjs:944:2761)
    at div
    at o (https://framerusercontent.com/sites/u9tp39AeGfRvWrjajQe3B/chunk-A2HEWL76.mjs:9:6770)
    at https://framerusercontent.com/sites/u9tp39AeGfRvWrjajQe3B/chunk-A2HEWL76.mjs:944:4105
    at https://framerusercontent.com/sites/u9tp39AeGfRvWrjajQe3B/chunk-A2HEWL76.mjs:937:16928
    at a
    at o (https://framerusercontent.com/sites/u9tp39AeGfRvWrjajQe3B/chunk-A2HEWL76.mjs:9:6770)
    at https://framerusercontent.com/sites/u9tp39AeGfRvWrjajQe3B/chunk-A2HEWL76.mjs:946:12564
    at Suspense
    at Mv (https://framerusercontent.com/sites/u9tp39AeGfRvWrjajQe3B/chunk-A2HEWL76.mjs:944:1068)
    at hN (https://framerusercontent.com/sites/u9tp39AeGfRvWrjajQe3B/chunk-A2HEWL76.mjs:946:1574)
    at ka (https://framerusercontent.com/sites/u9tp39AeGfRvWrjajQe3B/chunk-B4HCULIY.mjs:40:4503)
    at o (https://framerusercontent.com/sites/u9tp39AeGfRvWrjajQe3B/chunk-A2HEWL76.mjs:9:6770)
    at xb (https://framerusercontent.com/sites/u9tp39AeGfRvWrjajQe3B/chunk-A2HEWL76.mjs:9:2239)
    at https://framerusercontent.com/sites/u9tp39AeGfRvWrjajQe3B/chunk-B4HCULIY.mjs:40:5538
    at https://framerusercontent.com/sites/u9tp39AeGfRvWrjajQe3B/chunk-A2HEWL76.mjs:935:55236
    at div
    at o (https://framerusercontent.com/sites/u9tp39AeGfRvWrjajQe3B/chunk-A2HEWL76.mjs:9:6770)
    at https://framerusercontent.com/sites/u9tp39AeGfRvWrjajQe3B/chunk-A2HEWL76.mjs:944:4105
    at https://framerusercontent.com/sites/u9tp39AeGfRvWrjajQe3B/chunk-A2HEWL76.mjs:937:15205
    at https://framerusercontent.com/sites/u9tp39AeGfRvWrjajQe3B/chunk-A2HEWL76.mjs:937:3323
    at https://framerusercontent.com/sites/u9tp39AeGfRvWrjajQe3B/chunk-A2HEWL76.mjs:937:16928
    at div
    at o (https://framerusercontent.com/sites/u9tp39AeGfRvWrjajQe3B/chunk-A2HEWL76.mjs:9:6770)
    at div
    at o (https://framerusercontent.com/sites/u9tp39AeGfRvWrjajQe3B/chunk-A2HEWL76.mjs:9:6770)
    at div
    at o (https://framerusercontent.com/sites/u9tp39AeGfRvWrjajQe3B/chunk-A2HEWL76.mjs:9:6770)
    at ve (https://framerusercontent.com/sites/u9tp39AeGfRvWrjajQe3B/chunk-2PNKLDE7.mjs:1:953)
    at o (https://framerusercontent.com/sites/u9tp39AeGfRvWrjajQe3B/chunk-A2HEWL76.mjs:9:6770)
    at xb (https://framerusercontent.com/sites/u9tp39AeGfRvWrjajQe3B/chunk-A2HEWL76.mjs:9:2239)
    at https://framerusercontent.com/sites/u9tp39AeGfRvWrjajQe3B/chunk-2PNKLDE7.mjs:1:1901
    at https://framerusercontent.com/sites/u9tp39AeGfRvWrjajQe3B/chunk-A2HEWL76.mjs:935:55236
    at https://framerusercontent.com/sites/u9tp39AeGfRvWrjajQe3B/chunk-A2HEWL76.mjs:937:1508
    at https://framerusercontent.com/sites/u9tp39AeGfRvWrjajQe3B/chunk-A2HEWL76.mjs:935:55236
    at xb (https://framerusercontent.com/sites/u9tp39AeGfRvWrjajQe3B/chunk-A2HEWL76.mjs:9:2239)
    at SD (https://framerusercontent.com/sites/u9tp39AeGfRvWrjajQe3B/chunk-A2HEWL76.mjs:79:27582)
    at div
    at o (https://framerusercontent.com/sites/u9tp39AeGfRvWrjajQe3B/chunk-A2HEWL76.mjs:9:6770)
    at https://framerusercontent.com/sites/u9tp39AeGfRvWrjajQe3B/chunk-A2HEWL76.mjs:944:3667
    at https://framerusercontent.com/sites/u9tp39AeGfRvWrjajQe3B/chunk-A2HEWL76.mjs:937:17108
    at https://framerusercontent.com/sites/u9tp39AeGfRvWrjajQe3B/chunk-A2HEWL76.mjs:937:16928
    at div
    at https://framerusercontent.com/sites/u9tp39AeGfRvWrjajQe3B/chunk-A2HEWL76.mjs:937:1508
    at https://framerusercontent.com/sites/u9tp39AeGfRvWrjajQe3B/chunk-A2HEWL76.mjs:935:55236
    at div
    at div
    at o (https://framerusercontent.com/sites/u9tp39AeGfRvWrjajQe3B/chunk-A2HEWL76.mjs:9:6770)
    at xb (https://framerusercontent.com/sites/u9tp39AeGfRvWrjajQe3B/chunk-A2HEWL76.mjs:9:2239)
    at https://framerusercontent.com/sites/u9tp39AeGfRvWrjajQe3B/KSIxofP3FDOETVgf8sArTPyNx_enqOOYIDHGWEMx_-w.OLRCKKXF.mjs:1:70248
    at https://framerusercontent.com/sites/u9tp39AeGfRvWrjajQe3B/chunk-A2HEWL76.mjs:935:55236
    at https://framerusercontent.com/sites/u9tp39AeGfRvWrjajQe3B/chunk-A2HEWL76.mjs:16:75561
    at p6 (https://framerusercontent.com/sites/u9tp39AeGfRvWrjajQe3B/chunk-A2HEWL76.mjs:946:25175)
    at TA (https://framerusercontent.com/sites/u9tp39AeGfRvWrjajQe3B/chunk-A2HEWL76.mjs:76:13274)
    at Suspense
    at Mv (https://framerusercontent.com/sites/u9tp39AeGfRvWrjajQe3B/chunk-A2HEWL76.mjs:944:1068)
    at kz (https://framerusercontent.com/sites/u9tp39AeGfRvWrjajQe3B/chunk-A2HEWL76.mjs:937:17233)
    at wV (https://framerusercontent.com/sites/u9tp39AeGfRvWrjajQe3B/chunk-A2HEWL76.mjs:16:77806)
    at h6 (https://framerusercontent.com/sites/u9tp39AeGfRvWrjajQe3B/chunk-A2HEWL76.mjs:946:21632)
    at https://framerusercontent.com/sites/u9tp39AeGfRvWrjajQe3B/chunk-A2HEWL76.mjs:944:4694
    at https://framerusercontent.com/sites/u9tp39AeGfRvWrjajQe3B/chunk-A2HEWL76.mjs:935:55236
    at R6 (https://framerusercontent.com/sites/u9tp39AeGfRvWrjajQe3B/chunk-A2HEWL76.mjs:946:29665)
    at Tb (https://framerusercontent.com/sites/u9tp39AeGfRvWrjajQe3B/chunk-A2HEWL76.mjs:9:3986)
    at nX (https://framerusercontent.com/sites/u9tp39AeGfRvWrjajQe3B/chunk-A2HEWL76.mjs:946:29992)
    at Aq (https://framerusercontent.com/sites/u9tp39AeGfRvWrjajQe3B/chunk-A2HEWL76.mjs:944:15929)
    at _9 (https://framerusercontent.com/sites/u9tp39AeGfRvWrjajQe3B/chunk-A2HEWL76.mjs:16:85989) @ https://framerusercontent.com/sites/u9tp39AeGfRvWrjajQe3B/script_main.OBWUYOX6.mjs:0
[WARNING] Recoverable error has happened. Please check any custom code or code overrides to fix server/client mismatches:
 Error: Minified React error #422; visit https://reactjs.org/docs/error-decoder.html?invariant=422 for the full message or use the non-minified dev environment for full errors and additional helpful warnings.
    at TL (https://framerusercontent.com/sites/u9tp39AeGfRvWrjajQe3B/chunk-A2HEWL76.mjs:16:8460)
    at RS (https://framerusercontent.com/sites/u9tp39AeGfRvWrjajQe3B/chunk-A2HEWL76.mjs:16:7395)
    at HS (https://framerusercontent.com/sites/u9tp39AeGfRvWrjajQe3B/chunk-A2HEWL76.mjs:16:46055)
    at NS (https://framerusercontent.com/sites/u9tp39AeGfRvWrjajQe3B/chunk-A2HEWL76.mjs:16:39962)
    at VL (https://framerusercontent.com/sites/u9tp39AeGfRvWrjajQe3B/chunk-A2HEWL76.mjs:16:39934)
    at DS (https://framerusercontent.com/sites/u9tp39AeGfRvWrjajQe3B/chunk-A2HEWL76.mjs:16:34897)
    at Nh (https://framerusercontent.com/sites/u9tp39AeGfRvWrjajQe3B/chunk-A2HEWL76.mjs:9:92428)
    at MessagePort.Vh (https://framerusercontent.com/sites/u9tp39AeGfRvWrjajQe3B/chunk-A2HEWL76.mjs:9:92822) null @ https://framerusercontent.com/sites/u9tp39AeGfRvWrjajQe3B/script_main.OBWUYOX6.mjs:0
[WARNING] Recoverable error has happened. Please check any custom code or code overrides to fix server/client mismatches:
 Error: Minified React error #425; visit https://reactjs.org/docs/error-decoder.html?invariant=425 for the full message or use the non-minified dev environment for full errors and additional helpful warnings.
    at $c (https://framerusercontent.com/sites/u9tp39AeGfRvWrjajQe3B/chunk-A2HEWL76.mjs:14:68)
    at EL (https://framerusercontent.com/sites/u9tp39AeGfRvWrjajQe3B/chunk-A2HEWL76.mjs:16:16138)
    at $S (https://framerusercontent.com/sites/u9tp39AeGfRvWrjajQe3B/chunk-A2HEWL76.mjs:16:40134)
    at NS (https://framerusercontent.com/sites/u9tp39AeGfRvWrjajQe3B/chunk-A2HEWL76.mjs:16:40023)
    at VL (https://framerusercontent.com/sites/u9tp39AeGfRvWrjajQe3B/chunk-A2HEWL76.mjs:16:39934)
    at DS (https://framerusercontent.com/sites/u9tp39AeGfRvWrjajQe3B/chunk-A2HEWL76.mjs:16:34897)
    at Nh (https://framerusercontent.com/sites/u9tp39AeGfRvWrjajQe3B/chunk-A2HEWL76.mjs:9:92428)
    at MessagePort.Vh (https://framerusercontent.com/sites/u9tp39AeGfRvWrjajQe3B/chunk-A2HEWL76.mjs:9:92822) 
    at style
    at div
    at Be (https://framerusercontent.com/sites/u9tp39AeGfRvWrjajQe3B/chunk-B4HCULIY.mjs:21:26031)
    at _z (https://framerusercontent.com/sites/u9tp39AeGfRvWrjajQe3B/chunk-A2HEWL76.mjs:944:1768)
    at Suspense
    at Mv (https://framerusercontent.com/sites/u9tp39AeGfRvWrjajQe3B/chunk-A2HEWL76.mjs:944:1068)
    at Mz (https://framerusercontent.com/sites/u9tp39AeGfRvWrjajQe3B/chunk-A2HEWL76.mjs:944:2065)
    at Iz (https://framerusercontent.com/sites/u9tp39AeGfRvWrjajQe3B/chunk-A2HEWL76.mjs:944:1614)
    at Vz (https://framerusercontent.com/sites/u9tp39AeGfRvWrjajQe3B/chunk-A2HEWL76.mjs:944:2761)
    at div
    at o (https://framerusercontent.com/sites/u9tp39AeGfRvWrjajQe3B/chunk-A2HEWL76.mjs:9:6770)
    at https://framerusercontent.com/sites/u9tp39AeGfRvWrjajQe3B/chunk-A2HEWL76.mjs:944:4105
    at https://framerusercontent.com/sites/u9tp39AeGfRvWrjajQe3B/chunk-A2HEWL76.mjs:937:16928
    at a
    at o (https://framerusercontent.com/sites/u9tp39AeGfRvWrjajQe3B/chunk-A2HEWL76.mjs:9:6770)
    at https://framerusercontent.com/sites/u9tp39AeGfRvWrjajQe3B/chunk-A2HEWL76.mjs:946:12564
    at Suspense
    at Mv (https://framerusercontent.com/sites/u9tp39AeGfRvWrjajQe3B/chunk-A2HEWL76.mjs:944:1068)
    at hN (https://framerusercontent.com/sites/u9tp39AeGfRvWrjajQe3B/chunk-A2HEWL76.mjs:946:1574)
    at ka (https://framerusercontent.com/sites/u9tp39AeGfRvWrjajQe3B/chunk-B4HCULIY.mjs:40:4503)
    at o (https://framerusercontent.com/sites/u9tp39AeGfRvWrjajQe3B/chunk-A2HEWL76.mjs:9:6770)
    at xb (https://framerusercontent.com/sites/u9tp39AeGfRvWrjajQe3B/chunk-A2HEWL76.mjs:9:2239)
    at https://framerusercontent.com/sites/u9tp39AeGfRvWrjajQe3B/chunk-B4HCULIY.mjs:40:5538
    at https://framerusercontent.com/sites/u9tp39AeGfRvWrjajQe3B/chunk-A2HEWL76.mjs:935:55236
    at div
    at o (https://framerusercontent.com/sites/u9tp39AeGfRvWrjajQe3B/chunk-A2HEWL76.mjs:9:6770)
    at https://framerusercontent.com/sites/u9tp39AeGfRvWrjajQe3B/chunk-A2HEWL76.mjs:944:4105
    at https://framerusercontent.com/sites/u9tp39AeGfRvWrjajQe3B/chunk-A2HEWL76.mjs:937:15205
    at https://framerusercontent.com/sites/u9tp39AeGfRvWrjajQe3B/chunk-A2HEWL76.mjs:937:3323
    at https://framerusercontent.com/sites/u9tp39AeGfRvWrjajQe3B/chunk-A2HEWL76.mjs:937:16928
    at div
    at o (https://framerusercontent.com/sites/u9tp39AeGfRvWrjajQe3B/chunk-A2HEWL76.mjs:9:6770)
    at div
    at o (https://framerusercontent.com/sites/u9tp39AeGfRvWrjajQe3B/chunk-A2HEWL76.mjs:9:6770)
    at div
    at o (https://framerusercontent.com/sites/u9tp39AeGfRvWrjajQe3B/chunk-A2HEWL76.mjs:9:6770)
    at div
    at o (https://framerusercontent.com/sites/u9tp39AeGfRvWrjajQe3B/chunk-A2HEWL76.mjs:9:6770)
    at Vi (https://framerusercontent.com/sites/u9tp39AeGfRvWrjajQe3B/chunk-B4HCULIY.mjs:78:120124)
    at o (https://framerusercontent.com/sites/u9tp39AeGfRvWrjajQe3B/chunk-A2HEWL76.mjs:9:6770)
    at xb (https://framerusercontent.com/sites/u9tp39AeGfRvWrjajQe3B/chunk-A2HEWL76.mjs:9:2239)
    at https://framerusercontent.com/sites/u9tp39AeGfRvWrjajQe3B/chunk-B4HCULIY.mjs:78:120552
    at https://framerusercontent.com/sites/u9tp39AeGfRvWrjajQe3B/chunk-A2HEWL76.mjs:935:55236
    at div
    at https://framerusercontent.com/sites/u9tp39AeGfRvWrjajQe3B/chunk-A2HEWL76.mjs:937:1508
    at https://framerusercontent.com/sites/u9tp39AeGfRvWrjajQe3B/chunk-A2HEWL76.mjs:935:55236
    at xb (https://framerusercontent.com/sites/u9tp39AeGfRvWrjajQe3B/chunk-A2HEWL76.mjs:9:2239)
    at SD (https://framerusercontent.com/sites/u9tp39AeGfRvWrjajQe3B/chunk-A2HEWL76.mjs:79:27582)
    at div
    at o (https://framerusercontent.com/sites/u9tp39AeGfRvWrjajQe3B/chunk-A2HEWL76.mjs:9:6770)
    at https://framerusercontent.com/sites/u9tp39AeGfRvWrjajQe3B/chunk-A2HEWL76.mjs:944:3667
    at https://framerusercontent.com/sites/u9tp39AeGfRvWrjajQe3B/chunk-A2HEWL76.mjs:937:17108
    at https://framerusercontent.com/sites/u9tp39AeGfRvWrjajQe3B/chunk-A2HEWL76.mjs:937:16928
    at div
    at https://framerusercontent.com/sites/u9tp39AeGfRvWrjajQe3B/chunk-A2HEWL76.mjs:937:1508
    at https://framerusercontent.com/sites/u9tp39AeGfRvWrjajQe3B/chunk-A2HEWL76.mjs:935:55236
    at div
    at o (https://framerusercontent.com/sites/u9tp39AeGfRvWrjajQe3B/chunk-A2HEWL76.mjs:9:6770)
    at xb (https://framerusercontent.com/sites/u9tp39AeGfRvWrjajQe3B/chunk-A2HEWL76.mjs:9:2239)
    at https://framerusercontent.com/sites/u9tp39AeGfRvWrjajQe3B/KSIxofP3FDOETVgf8sArTPyNx_enqOOYIDHGWEMx_-w.OLRCKKXF.mjs:1:70248
    at https://framerusercontent.com/sites/u9tp39AeGfRvWrjajQe3B/chunk-A2HEWL76.mjs:935:55236
    at https://framerusercontent.com/sites/u9tp39AeGfRvWrjajQe3B/chunk-A2HEWL76.mjs:16:75561
    at p6 (https://framerusercontent.com/sites/u9tp39AeGfRvWrjajQe3B/chunk-A2HEWL76.mjs:946:25175)
    at TA (https://framerusercontent.com/sites/u9tp39AeGfRvWrjajQe3B/chunk-A2HEWL76.mjs:76:13274)
    at Suspense
    at Mv (https://framerusercontent.com/sites/u9tp39AeGfRvWrjajQe3B/chunk-A2HEWL76.mjs:944:1068)
    at kz (https://framerusercontent.com/sites/u9tp39AeGfRvWrjajQe3B/chunk-A2HEWL76.mjs:937:17233)
    at wV (https://framerusercontent.com/sites/u9tp39AeGfRvWrjajQe3B/chunk-A2HEWL76.mjs:16:77806)
    at h6 (https://framerusercontent.com/sites/u9tp39AeGfRvWrjajQe3B/chunk-A2HEWL76.mjs:946:21632)
    at https://framerusercontent.com/sites/u9tp39AeGfRvWrjajQe3B/chunk-A2HEWL76.mjs:944:4694
    at https://framerusercontent.com/sites/u9tp39AeGfRvWrjajQe3B/chunk-A2HEWL76.mjs:935:55236
    at R6 (https://framerusercontent.com/sites/u9tp39AeGfRvWrjajQe3B/chunk-A2HEWL76.mjs:946:29665)
    at Tb (https://framerusercontent.com/sites/u9tp39AeGfRvWrjajQe3B/chunk-A2HEWL76.mjs:9:3986)
    at nX (https://framerusercontent.com/sites/u9tp39AeGfRvWrjajQe3B/chunk-A2HEWL76.mjs:946:29992)
    at Aq (https://framerusercontent.com/sites/u9tp39AeGfRvWrjajQe3B/chunk-A2HEWL76.mjs:944:15929)
    at _9 (https://framerusercontent.com/sites/u9tp39AeGfRvWrjajQe3B/chunk-A2HEWL76.mjs:16:85989) @ https://framerusercontent.com/sites/u9tp39AeGfRvWrjajQe3B/script_main.OBWUYOX6.mjs:0
[WARNING] Recoverable error has happened. Please check any custom code or code overrides to fix server/client mismatches:
 Error: Minified React error #422; visit https://reactjs.org/docs/error-decoder.html?invariant=422 for the full message or use the non-minified dev environment for full errors and additional helpful warnings.
    at TL (https://framerusercontent.com/sites/u9tp39AeGfRvWrjajQe3B/chunk-A2HEWL76.mjs:16:8460)
    at RS (https://framerusercontent.com/sites/u9tp39AeGfRvWrjajQe3B/chunk-A2HEWL76.mjs:16:7395)
    at HS (https://framerusercontent.com/sites/u9tp39AeGfRvWrjajQe3B/chunk-A2HEWL76.mjs:16:46055)
    at NS (https://framerusercontent.com/sites/u9tp39AeGfRvWrjajQe3B/chunk-A2HEWL76.mjs:16:39962)
    at VL (https://framerusercontent.com/sites/u9tp39AeGfRvWrjajQe3B/chunk-A2HEWL76.mjs:16:39934)
    at DS (https://framerusercontent.com/sites/u9tp39AeGfRvWrjajQe3B/chunk-A2HEWL76.mjs:16:34897)
    at Nh (https://framerusercontent.com/sites/u9tp39AeGfRvWrjajQe3B/chunk-A2HEWL76.mjs:9:92428)
    at MessagePort.Vh (https://framerusercontent.com/sites/u9tp39AeGfRvWrjajQe3B/chunk-A2HEWL76.mjs:9:92822) null @ https://framerusercontent.com/sites/u9tp39AeGfRvWrjajQe3B/script_main.OBWUYOX6.mjs:0